// Jest Snapshot v1, https://goo.gl/fbAQLP

exports[`Reporters correctly build empyt organization sync report 1`] = `
"
# Github Labels Report

> This is an autogenerated report for your project.

Hey :wave: we ran sync and this came out:

### Problems

Everything looks fine.

### Updates

No successful sync reports.
      "
`;
