// Jest Snapshot v1, https://goo.gl/fbAQLP

exports[`Reporters correctly build report for organization sync 1`] = `
"
Github Labels Report
This is an autogenerated report for your project.

Hey ðŸ‘‹ we ran sync and this came out:

Problems


There were some issues with 1 repositories;

Couldn not sync github-labels:

Something horrific has occured.

### Configuration
\`\`\`json
{
  "labels": {
    "test": {
      "description": "description",
      "color": "123fff"
    },
    "bug": {
      "description": "description",
      "color": "123fff"
    }
  }
}\`\`\`
    
    

Changes


Successfully synced labels accross 4 repositories;

Synced github-labels:

Added 2 labels:
 - test
     description-test
 - simple
        

Updated 1 labels:
 - bug
     description
        

1 labels should be removed;
 - enchantment
     description

To remove them, set strict property to true.
    
    

Synced graphql-shield:

Added 1 labels:
 - test
     description
        

Updated 1 labels:
 - bug
     description
        

Removed 1 labels:
 - enchantment
     description
                  
    

Synced github-labels:
No new labels.
No labels updated.
No labels removed.
    

Synced github-labels:

Added 2 labels:
 - test
     description
 - test
     description
        
No labels updated.
No labels removed.
    
    
      "
`;

exports[`Reporters correctly builds empty organization sync report 1`] = `
"
Github Labels Report
This is an autogenerated report for your project.

Hey ðŸ‘‹ we ran sync and this came out:

Problems

Everything looks fine.

Changes

No successful sync reports.
      "
`;
