// Jest Snapshot v1, https://goo.gl/fbAQLP

exports[`ci sync reporter correctly creates a report 1`] = `
"Label Sync Report
This is an autogenerated report for your project.
(dry run: "false")

maticzav/label-sync
This is an autogenerated report for your project.
(dry run: "false")

New Labels:
No new labels.

Updated Labels:
- basic

Removed Labels:
- bug/no-reproduction
- kind/bug

We haven't removed any label yet.
If you want us to remove them, set strict to true.

This is an autogenerated report for your project.
(dry run: "false")


maticzav/label-sync
Error generating manifest: Labels doesntexist, kind/missing are not defined

Check the configuration of these projects:
Cannot decode the provided repository name label-sync"
`;

exports[`ci sync reporter correctly creates a report when skipping siblings 1`] = `
"Label Sync Report
This is an autogenerated report for your project.
(dry run: "false")

maticzav/label-sync
This is an autogenerated report for your project.
(dry run: "false")

New Labels:
No new labels.

Updated Labels:
- basic

Removed Labels:
- bug/no-reproduction
- kind/bug

We haven't removed any label yet.
If you want us to remove them, set strict to true.
maticzav/label-sync
Error generating manifest: Labels doesntexist, kind/missing are not defined

Check the configuration of these projects:
Cannot decode the provided repository name label-sync"
`;

exports[`ci sync reporter correctly creates an empty report 1`] = `
"Label Sync Report
This is an autogenerated report for your project.
(dry run: "false")



Synced all repositories with no problems!"
`;

exports[`ci sync reporter correctly creates an empty report when skipping siblings 1`] = `
"Label Sync Report
This is an autogenerated report for your project.
(dry run: "false")



Synced all repositories with no problems!"
`;
